<html>
<body>
<pre>
<h1>µVision Build Log</h1>
<h2>Tool Versions:</h2>
IDE-Version: ¦ÌVision V5.43.1.0
Copyright (C) 2025 ARM Ltd and ARM Germany GmbH. All rights reserved.
License Information: 1 Lenovo, 1, LIC=IK1BF-67004-PC7J8-30A2N-MC3LI-HYJ5G
 
Tool Versions:
Toolchain:       MDK-ARM Plus  Version: 5.43.0.0
Toolchain Path:  E:\Keil_v5\ARM\ARMCLANG\Bin
C Compiler:      ArmClang.exe V6.24
Assembler:       Armasm.exe V6.24
Linker/Locator:  ArmLink.exe V6.24
Library Manager: ArmAr.exe V6.24
Hex Converter:   FromElf.exe V6.24
CPU DLL:         SARMCM3.DLL V5.43.0.0
Dialog DLL:      DCM.DLL V1.17.5.0
Target DLL:      CMSIS_AGDI.dll V1.33.24.0
Dialog DLL:      TCM.DLL V1.56.6.0
 
<h2>Project:</h2>
E:\python\workspace\c work\cproject\MDK-ARM\XUNXIANDAIMA.uvprojx
Project File Date:  04/06/2026

<h2>Output:</h2>
*** Using Compiler 'V6.24', folder: 'E:\Keil_v5\ARM\ARMCLANG\Bin'
Rebuild target 'XUNXIANDAIMA'
assembling startup_stm32f103xb.s...
compiling stm32f1xx_hal_flash_ex.c...
compiling stm32f1xx_hal_rcc_ex.c...
compiling stm32f1xx_hal_dma.c...
compiling stm32f1xx_it.c...
compiling stm32f1xx_hal_gpio_ex.c...
compiling stm32f1xx_hal.c...
compiling stm32f1xx_hal_msp.c...
compiling stm32f1xx_hal_cortex.c...
compiling stm32f1xx_hal_gpio.c...
compiling stm32f1xx_hal_pwr.c...
compiling stm32f1xx_hal_rcc.c...
compiling stm32f1xx_hal_flash.c...
compiling stm32f1xx_hal_exti.c...
compiling system_stm32f1xx.c...
compiling stm32f1xx_hal_tim_ex.c...
../Core/Src/main.c(533): warning: 'snprintf' will always be truncated; specified size is 64, but format string expands to at least 89 [-Wformat-truncation]
  533 |   snprintf(
      |   ^
../Core/Src/main.c(560): warning: format specifies type 'unsigned long' but the argument has type 'uint32_t' (aka 'unsigned int') [-Wformat]
  558 |       "COMBO|mode=%s|hb=%lu|motor=%u|l2=%u|l1=%u|m=%u|r1=%u|r2=%u|enc1=%d|enc2=%d|uart=%u|oled=%u|err=%u\r\n",
      |                         ~~~
      |                         %u
  559 |       DEBUG_MODE_NAME,
  560 |       status->heartbeat,
      |       ^~~~~~~~~~~~~~~~~
../Core/Src/main.c(555): warning: 'snprintf' will always be truncated; specified size is 64, but format string expands to at least 85 [-Wformat-truncation]
  555 |   snprintf(
      |   ^
../Core/Src/main.c(588): warning: data argument not used by format string [-Wformat-extra-args]
  580 |       "obs:%u,%u,%u,%u,%u,%d,%d\n",
      |       ~~~~~~~~~~~~~~~~~~~~~~~~~~~~
  581 |       status->motor_enable,
  582 |       status->gray_l2,
  583 |       status->gray_l1,
  584 |       status->gray_m,
  585 |       status->gray_r1,
  586 |       status->gray_r2,
  587 |       status->enc1,
  588 |       status->enc2);
      |       ^
4 warnings generated.
compiling main.c...
compiling stm32f1xx_hal_uart.c...
compiling stm32f1xx_hal_i2c.c...
compiling stm32f1xx_hal_tim.c...
linking...
Program Size: Code=20510 RO-data=606 RW-data=16 ZI-data=3128  
FromELF: creating hex file...
"XUNXIANDAIMA\XUNXIANDAIMA.axf" - 0 Error(s), 4 Warning(s).

<h2>Software Packages used:</h2>

Package Vendor: ARM
                https://www.keil.com/pack/ARM.CMSIS.6.2.0.pack
                ARM::CMSIS@6.2.0
                CMSIS (Common Microcontroller Software Interface Standard)
   * Component: CORE Version: 6.1.1

Package Vendor: Keil
                https://www.keil.com/pack/Keil.STM32F1xx_DFP.2.4.1.pack
                Keil::STM32F1xx_DFP@2.4.1
                STMicroelectronics STM32F1 Series Device Support, Drivers and Examples

<h2>Collection of Component include folders:</h2>
  ./RTE/_XUNXIANDAIMA
  E:/Keil_v5/ARM/Packs/ARM/CMSIS/6.2.0/CMSIS/Core/Include
  E:/Keil_v5/ARM/Packs/Keil/STM32F1xx_DFP/2.4.1/Device/Include

<h2>Collection of Component Files used:</h2>

   * Component: ARM::CMSIS:CORE@6.1.1
      Include file:  CMSIS/Core/Include/tz_context.h
Build Time Elapsed:  00:00:02
</pre>
</body>
</html>
